// Vitest Snapshot v1, https://vitest.dev/guide/snapshot.html

exports[`IncreaseIncomeHero > matches section snapshot 1`] = `
"<section data-v-d7a078ce="" class="increase-income-hero">
  <div data-v-d7a078ce="" class="increase-income-hero__inner">
    <nav data-v-d7a078ce="" class="increase-income-hero__breadcrumbs" aria-label="Хлебные крошки" itemscope="" itemtype="https://schema.org/BreadcrumbList"><span data-v-d7a078ce="" itemprop="itemListElement" itemscope="" itemtype="https://schema.org/ListItem"><a data-v-d7a078ce="" aria-current="page" href="/" class="router-link-active router-link-exact-active increase-income-hero__breadcrumbs-link" itemprop="item"><span data-v-d7a078ce="" itemprop="name">Главная</span></a>
      <meta data-v-d7a078ce="" itemprop="position" content="1"></span><span data-v-d7a078ce="" class="increase-income-hero__breadcrumbs-sep" aria-hidden="true">/</span><span data-v-d7a078ce="" itemprop="itemListElement" itemscope="" itemtype="https://schema.org/ListItem"><span data-v-d7a078ce="" class="increase-income-hero__breadcrumbs-current" itemprop="name">Увеличим ваш доход</span>
      <meta data-v-d7a078ce="" itemprop="position" content="2"></span>
    </nav>
    <div data-v-d7a078ce="" class="increase-income-hero__top">
      <h1 data-v-d7a078ce="" class="increase-income-hero__title"><span data-v-d7a078ce="" class="increase-income-hero__title-lead">ВЫ МАЙНЕР?</span> УВЕЛИЧИМ ВАШ ДОХОД</h1>
      <div data-v-d7a078ce="" class="increase-income-hero__card">
        <p data-v-d7a078ce="" class="increase-income-hero__card-text">Ваши асики зарабатывают от 100.000 ₽ месяц? Увеличим вашу чистую прибыль на 7%</p>
        <p data-v-d7a078ce="" class="increase-income-hero__card-text">Хотите узнать как? Оставьте заявку</p>
        <form data-v-d7a078ce="" class="increase-income-hero__form">
          <div data-v-d7a078ce="" class="increase-income-hero__form-row"><label data-v-e60758d0="" data-v-d7a078ce="" class="top-mining-input"><span data-v-e60758d0="" class="top-mining-input__visually-hidden">Телефон</span><input data-v-e60758d0="" class="top-mining-input__control" type="tel" name="your-telegram" placeholder="Телефон" autocomplete="tel" inputmode="tel" required=""></label><button data-v-d7a078ce="" type="submit" class="increase-income-hero__submit"><span data-v-d7a078ce="">УЗНАТЬ</span>
              <consulting-diagonal-arrow-icon-stub data-v-d7a078ce="" class="increase-income-hero__submit-icon"></consulting-diagonal-arrow-icon-stub>
            </button></div><label data-v-d7a078ce="" class="increase-income-hero__honeypot"><span data-v-d7a078ce="">Оставьте это поле пустым.</span><input data-v-d7a078ce="" type="text" name="email" tabindex="-1" autocomplete="off"></label>
          <div data-v-a597be0a="" data-v-d7a078ce="" class="top-mining-privacy-consent"><label data-v-356c393d="" data-v-a597be0a="" class="top-mining-checkbox top-mining-checkbox--sm top-mining-checkbox--checked top-mining-privacy-consent__checkbox"><input data-v-356c393d="" type="checkbox" class="top-mining-checkbox__input" required="" aria-checked="true"><span data-v-356c393d="" class="top-mining-checkbox__control" aria-hidden="true"></span><span data-v-356c393d="" class="top-mining-checkbox__label"><span data-v-a597be0a="" class="top-mining-privacy-consent__text">Продолжая, вы соглашаетесь с   <a data-v-a597be0a="" href="/privacy" class="top-mining-privacy-consent__link">Политикой конфиденциальности</a></span></span></label></div>
          <top-mining-form-status-stub data-v-d7a078ce="" tone="dark" status="idle" message=""></top-mining-form-status-stub>
        </form>
      </div>
    </div>
  </div>
</section>"
`;
