// Vitest Snapshot v1, https://vitest.dev/guide/snapshot.html

exports[`IncreaseIncomeHero > matches section snapshot 1`] = `
"<section data-v-d7a078ce="" class="increase-income-hero">
  <div data-v-d7a078ce="" class="increase-income-hero__inner">
    <nav data-v-d7a078ce="" class="increase-income-hero__breadcrumbs" aria-label="Хлебные крошки" itemscope="" itemtype="https://schema.org/BreadcrumbList"><span data-v-d7a078ce="" itemprop="itemListElement" itemscope="" itemtype="https://schema.org/ListItem"><a data-v-d7a078ce="" aria-current="page" href="/" class="router-link-active router-link-exact-active increase-income-hero__breadcrumbs-link" itemprop="item"><span data-v-d7a078ce="" itemprop="name">Главная</span></a>
      <meta data-v-d7a078ce="" itemprop="position" content="1"></span><span data-v-d7a078ce="" class="increase-income-hero__breadcrumbs-sep" aria-hidden="true">/</span><span data-v-d7a078ce="" itemprop="itemListElement" itemscope="" itemtype="https://schema.org/ListItem"><span data-v-d7a078ce="" class="increase-income-hero__breadcrumbs-current" itemprop="name">Увеличим ваш доход</span>
      <meta data-v-d7a078ce="" itemprop="position" content="2"></span>
    </nav>
    <div data-v-d7a078ce="" class="increase-income-hero__top">
      <h1 data-v-d7a078ce="" class="increase-income-hero__title"><span data-v-d7a078ce="" class="increase-income-hero__title-lead">ВЫ МАЙНЕР?</span> УВЕЛИЧИМ ВАШ ДОХОД</h1>
      <div data-v-d7a078ce="" class="increase-income-hero__card">
        <p data-v-d7a078ce="" class="increase-income-hero__card-text">Ваши асики зарабатывают от 100.000 ₽ месяц? Увеличим вашу чистую прибыль на 7%</p>
        <p data-v-d7a078ce="" class="increase-income-hero__card-text">Хотите узнать как? Оставьте заявку</p>
        <form data-v-d7a078ce="" class="increase-income-hero__form">
          <div data-v-d7a078ce="" class="increase-income-hero__form-row"><label data-v-d7a078ce="" class="increase-income-hero__field"><span data-v-d7a078ce="" class="increase-income-hero__visually-hidden">Телефон</span><input data-v-d7a078ce="" type="tel" name="your-telegram" class="increase-income-hero__input" autocomplete="tel" inputmode="tel" placeholder="Телефон" required=""></label><button data-v-d7a078ce="" type="submit" class="increase-income-hero__submit"><span data-v-d7a078ce="">УЗНАТЬ</span>
              <consulting-diagonal-arrow-icon-stub data-v-d7a078ce="" class="increase-income-hero__submit-icon"></consulting-diagonal-arrow-icon-stub>
            </button></div><label data-v-d7a078ce="" class="increase-income-hero__honeypot"><span data-v-d7a078ce="">Оставьте это поле пустым.</span><input data-v-d7a078ce="" type="text" name="email" tabindex="-1" autocomplete="off"></label>
          <div data-v-d7a078ce="" class="increase-income-hero__privacy"><label data-v-d7a078ce="" class="increase-income-hero__privacy-label"><input data-v-d7a078ce="" type="checkbox" class="increase-income-hero__privacy-check" required=""><span data-v-d7a078ce="">Продолжая, вы соглашаетесь с</span></label><a data-v-d7a078ce="" href="/privacy" class="increase-income-hero__privacy-link">Политикой конфиденциальности</a></div>
        </form>
      </div>
    </div>
  </div>
</section>"
`;
